// Jest Snapshot v1, https://goo.gl/fbAQLP

exports[`should render demo and match snapshot 1`] = `
<div style="min-height: 100vh;">
  <div>
    <div class="r-cell r-cell--center">
      <div class="r-cell__title">
        <span>
          Switch Dark Mode
        </span>
      </div>
      <div role="switch"
           class="r-switch"
           tabindex="0"
           aria-checked="false"
      >
        <div class="r-switch__node">
        </div>
      </div>
    </div>
  </div>
  <div>
    <div class="r-config-provider">
      <form class="r-form">
        <div class="r-cell r-field">
          <div class="r-cell__title r-field__label">
            <label id="r-field-label"
                   for="r-field-input"
            >
              Rate
            </label>
          </div>
          <div class="r-cell__value r-field__value">
            <div class="r-field__body">
              <div class="r-field__control r-field__control--custom">
                <div role="radiogroup"
                     class="r-rate"
                     tabindex="0"
                     aria-disabled="false"
                     aria-readonly="false"
                >
                  <div role="radio"
                       class="r-rate__item"
                       tabindex="0"
                       aria-setsize="5"
                       aria-posinset="1"
                       aria-checked="true"
                  >
                    <i class="r-badge__wrapper r-icon r-icon-star r-rate__icon r-rate__icon--full">
                    </i>
                  </div>
                  <div role="radio"
                       class="r-rate__item"
                       tabindex="0"
                       aria-setsize="5"
                       aria-posinset="2"
                       aria-checked="true"
                  >
                    <i class="r-badge__wrapper r-icon r-icon-star r-rate__icon r-rate__icon--full">
                    </i>
                  </div>
                  <div role="radio"
                       class="r-rate__item"
                       tabindex="0"
                       aria-setsize="5"
                       aria-posinset="3"
                       aria-checked="true"
                  >
                    <i class="r-badge__wrapper r-icon r-icon-star r-rate__icon r-rate__icon--full">
                    </i>
                  </div>
                  <div role="radio"
                       class="r-rate__item"
                       tabindex="0"
                       aria-setsize="5"
                       aria-posinset="4"
                       aria-checked="true"
                  >
                    <i class="r-badge__wrapper r-icon r-icon-star r-rate__icon r-rate__icon--full">
                    </i>
                  </div>
                  <div role="radio"
                       class="r-rate__item"
                       tabindex="0"
                       aria-setsize="5"
                       aria-posinset="5"
                       aria-checked="false"
                  >
                    <i class="r-badge__wrapper r-icon r-icon-star-o r-rate__icon">
                    </i>
                  </div>
                </div>
              </div>
            </div>
          </div>
        </div>
        <div class="r-cell r-field">
          <div class="r-cell__title r-field__label">
            <label id="r-field-label"
                   for="r-field-input"
            >
              Slider
            </label>
          </div>
          <div class="r-cell__value r-field__value">
            <div class="r-field__body">
              <div class="r-field__control r-field__control--custom">
                <div class="r-slider">
                  <div class="r-slider__bar"
                       style="width: 50%; left: 0%;"
                  >
                    <div role="slider"
                         class="r-slider__button-wrapper r-slider__button-wrapper--right"
                         tabindex="0"
                         aria-valuemin="0"
                         aria-valuenow="50"
                         aria-valuemax="100"
                         aria-orientation="horizontal"
                    >
                      <div class="r-slider__button">
                      </div>
                    </div>
                  </div>
                </div>
              </div>
            </div>
          </div>
        </div>
        <div style="margin: 16px;">
          <button type="submit"
                  class="r-button r-button--primary r-button--normal r-button--block r-button--round"
          >
            <div class="r-button__content">
              <span class="r-button__text">
                Submit
              </span>
            </div>
          </button>
        </div>
      </form>
    </div>
  </div>
  <div>
    <div class="r-config-provider"
         style="--r-rate-icon-full-color: #07c160; --r-slider-bar-height: 4px; --r-slider-button-width: 20px; --r-slider-button-height: 20px; --r-slider-active-background: #07c160; --r-button-primary-background: #07c160; --r-button-primary-border-color: #07c160;"
    >
      <form class="r-form">
        <div class="r-cell r-field">
          <div class="r-cell__title r-field__label">
            <label id="r-field-label"
                   for="r-field-input"
            >
              Rate
            </label>
          </div>
          <div class="r-cell__value r-field__value">
            <div class="r-field__body">
              <div class="r-field__control r-field__control--custom">
                <div role="radiogroup"
                     class="r-rate"
                     tabindex="0"
                     aria-disabled="false"
                     aria-readonly="false"
                >
                  <div role="radio"
                       class="r-rate__item"
                       tabindex="0"
                       aria-setsize="5"
                       aria-posinset="1"
                       aria-checked="true"
                  >
                    <i class="r-badge__wrapper r-icon r-icon-star r-rate__icon r-rate__icon--full">
                    </i>
                  </div>
                  <div role="radio"
                       class="r-rate__item"
                       tabindex="0"
                       aria-setsize="5"
                       aria-posinset="2"
                       aria-checked="true"
                  >
                    <i class="r-badge__wrapper r-icon r-icon-star r-rate__icon r-rate__icon--full">
                    </i>
                  </div>
                  <div role="radio"
                       class="r-rate__item"
                       tabindex="0"
                       aria-setsize="5"
                       aria-posinset="3"
                       aria-checked="true"
                  >
                    <i class="r-badge__wrapper r-icon r-icon-star r-rate__icon r-rate__icon--full">
                    </i>
                  </div>
                  <div role="radio"
                       class="r-rate__item"
                       tabindex="0"
                       aria-setsize="5"
                       aria-posinset="4"
                       aria-checked="true"
                  >
                    <i class="r-badge__wrapper r-icon r-icon-star r-rate__icon r-rate__icon--full">
                    </i>
                  </div>
                  <div role="radio"
                       class="r-rate__item"
                       tabindex="0"
                       aria-setsize="5"
                       aria-posinset="5"
                       aria-checked="false"
                  >
                    <i class="r-badge__wrapper r-icon r-icon-star-o r-rate__icon">
                    </i>
                  </div>
                </div>
              </div>
            </div>
          </div>
        </div>
        <div class="r-cell r-field">
          <div class="r-cell__title r-field__label">
            <label id="r-field-label"
                   for="r-field-input"
            >
              Slider
            </label>
          </div>
          <div class="r-cell__value r-field__value">
            <div class="r-field__body">
              <div class="r-field__control r-field__control--custom">
                <div class="r-slider">
                  <div class="r-slider__bar"
                       style="width: 50%; left: 0%;"
                  >
                    <div role="slider"
                         class="r-slider__button-wrapper r-slider__button-wrapper--right"
                         tabindex="0"
                         aria-valuemin="0"
                         aria-valuenow="50"
                         aria-valuemax="100"
                         aria-orientation="horizontal"
                    >
                      <div class="r-slider__button">
                      </div>
                    </div>
                  </div>
                </div>
              </div>
            </div>
          </div>
        </div>
        <div style="margin: 16px;">
          <button type="submit"
                  class="r-button r-button--primary r-button--normal r-button--block r-button--round"
          >
            <div class="r-button__content">
              <span class="r-button__text">
                Submit
              </span>
            </div>
          </button>
        </div>
      </form>
    </div>
  </div>
</div>
`;
