// Jest Snapshot v1, https://goo.gl/fbAQLP

exports[`should render demo and match snapshot 1`] = `
<div>
  <div role="alert"
       class="r-notice-bar"
  >
    <i class="r-badge__wrapper r-icon r-icon-volume-o r-notice-bar__left-icon">
    </i>
    <div role="marquee"
         class="r-notice-bar__wrap"
    >
      <div style="transition-duration: 0s;"
           class="r-notice-bar__content"
      >
        Technology is the common soul of the people who developed it.
      </div>
    </div>
  </div>
</div>
<div>
  <div role="alert"
       class="r-notice-bar"
  >
    <div role="marquee"
         class="r-notice-bar__wrap"
    >
      <div style="transition-duration: 0s;"
           class="r-notice-bar__content"
      >
        Short Content
      </div>
    </div>
  </div>
  <div role="alert"
       class="r-notice-bar"
  >
    <div role="marquee"
         class="r-notice-bar__wrap"
    >
      <div style="transition-duration: 0s;"
           class="r-notice-bar__content r-ellipsis"
      >
        Technology is the common soul of the people who developed it.
      </div>
    </div>
  </div>
</div>
<div>
  <div role="alert"
       class="r-notice-bar r-notice-bar--wrapable"
  >
    <div role="marquee"
         class="r-notice-bar__wrap"
    >
      <div style="transition-duration: 0s;"
           class="r-notice-bar__content"
      >
        Technology is the common soul of the people who developed it.
      </div>
    </div>
  </div>
</div>
<div>
  <div role="alert"
       class="r-notice-bar"
  >
    <div role="marquee"
         class="r-notice-bar__wrap"
    >
      <div style="transition-duration: 0s;"
           class="r-notice-bar__content"
      >
        Short Content
      </div>
    </div>
    <i class="r-badge__wrapper r-icon r-icon-cross r-notice-bar__right-icon">
    </i>
  </div>
  <div role="alert"
       class="r-notice-bar"
  >
    <div role="marquee"
         class="r-notice-bar__wrap"
    >
      <div style="transition-duration: 0s;"
           class="r-notice-bar__content"
      >
        Short Content
      </div>
    </div>
    <i class="r-badge__wrapper r-icon r-icon-arrow r-notice-bar__right-icon">
    </i>
  </div>
</div>
<div>
  <div role="alert"
       class="r-notice-bar"
       style="color: rgb(25, 137, 250); background: rgb(236, 249, 255);"
  >
    <i class="r-badge__wrapper r-icon r-icon-info-o r-notice-bar__left-icon">
    </i>
    <div role="marquee"
         class="r-notice-bar__wrap"
    >
      <div style="transition-duration: 0s;"
           class="r-notice-bar__content"
      >
        Short Content
      </div>
    </div>
  </div>
</div>
<div>
  <div role="alert"
       class="r-notice-bar"
  >
    <i class="r-badge__wrapper r-icon r-icon-volume-o r-notice-bar__left-icon">
    </i>
    <div role="marquee"
         class="r-notice-bar__wrap"
    >
      <div style="transition-duration: 0s;"
           class="r-notice-bar__content r-ellipsis"
      >
        <div class="r-swipe notice-swipe">
          <div style="transition-duration: 0ms; transform: translateY(0px); height: 300px;"
               class="r-swipe__track r-swipe__track--vertical"
          >
            <div class="r-swipe-item"
                 style="height: 100px;"
            >
              Content 1
            </div>
            <div class="r-swipe-item"
                 style="height: 100px;"
            >
              Content 2
            </div>
            <div class="r-swipe-item"
                 style="height: 100px;"
            >
              Content 3
            </div>
          </div>
        </div>
      </div>
    </div>
  </div>
</div>
`;
