// Jest Snapshot v1, https://goo.gl/fbAQLP

exports[`should render Col correctly 1`] = `
<div class="r-col r-col--8">
</div>
`;

exports[`should render gutter correctly 1`] = `
<div class="r-row">
  <div class="r-col r-col--24">
    24
  </div>
  <div class="r-col r-col--12">
    12
  </div>
  <div style="padding-left: 12px;"
       class="r-col r-col--12"
  >
    12
  </div>
  <div class="r-col r-col--8">
    8
  </div>
  <div style="padding-left: 12px;"
       class="r-col r-col--8"
  >
    8
  </div>
  <div style="padding-left: 16px;"
       class="r-col r-col--8"
  >
    8
  </div>
  <div class="r-col r-col--6">
    6
  </div>
  <div style="padding-left: 12px;"
       class="r-col r-col--6"
  >
    6
  </div>
  <div style="padding-left: 16px;"
       class="r-col r-col--6"
  >
    6
  </div>
  <div style="padding-left: 18px;"
       class="r-col r-col--6"
  >
    6
  </div>
  <div class="r-col r-col--7">
    7
  </div>
  <div style="padding-left: 12px;"
       class="r-col r-col--6"
  >
    6
  </div>
  <div style="padding-left: 16px;"
       class="r-col r-col--5"
  >
    5
  </div>
  <div style="padding-left: 18px;"
       class="r-col r-col--4"
  >
    4
  </div>
  <div class="r-col r-col--3">
    3
  </div>
  <div style="padding-left: 12px;"
       class="r-col r-col--2"
  >
    2
  </div>
</div>
`;
