// Jest Snapshot v1, https://goo.gl/fbAQLP

exports[`should render demo and match snapshot 1`] = `
<div>
  <div class="r-swipe-cell">
    <div class="r-swipe-cell__wrapper"
         style="transform: translate3d(0px, 0, 0); transition-duration: .6s;"
    >
      <div class="r-swipe-cell__left">
        <button type="button"
                class="r-button r-button--primary r-button--normal r-button--square"
        >
          <div class="r-button__content">
            <span class="r-button__text">
              Select
            </span>
          </div>
        </button>
      </div>
      <div class="r-cell r-cell--borderless">
        <div class="r-cell__title">
          <span>
            Cell
          </span>
        </div>
        <div class="r-cell__value">
          <span>
            Content
          </span>
        </div>
      </div>
      <div class="r-swipe-cell__right">
        <button type="button"
                class="r-button r-button--danger r-button--normal r-button--square"
        >
          <div class="r-button__content">
            <span class="r-button__text">
              Delete
            </span>
          </div>
        </button>
        <button type="button"
                class="r-button r-button--primary r-button--normal r-button--square"
        >
          <div class="r-button__content">
            <span class="r-button__text">
              Collect
            </span>
          </div>
        </button>
      </div>
    </div>
  </div>
</div>
<div>
  <div class="r-swipe-cell">
    <div class="r-swipe-cell__wrapper"
         style="transform: translate3d(0px, 0, 0); transition-duration: .6s;"
    >
      <div class="r-card">
        <div class="r-card__header">
          <a class="r-card__thumb">
            <div class="r-image"
                 style="width: 100%; height: 100%;"
            >
              <img src="https://fastly.jsdelivr.net/npm/@ryxon/assets/ipad.jpeg"
                   class="r-image__img"
                   style="object-fit: cover;"
              >
              <div class="r-image__loading">
                <i class="r-badge__wrapper r-icon r-icon-photo r-image__loading-icon">
                </i>
              </div>
            </div>
          </a>
          <div class="r-card__content">
            <div>
              <div class="r-card__title r-multi-ellipsis--l2">
                Title
              </div>
              <div class="r-card__desc r-ellipsis">
                Description
              </div>
            </div>
            <div class="r-card__bottom">
              <div class="r-card__price">
                <div>
                  <span class="r-card__price-currency">
                    Â¥
                  </span>
                  <span class="r-card__price-integer">
                    2
                  </span>
                  .
                  <span class="r-card__price-decimal">
                    00
                  </span>
                </div>
              </div>
              <div class="r-card__num">
                x2
              </div>
            </div>
          </div>
        </div>
      </div>
      <div class="r-swipe-cell__right">
        <button type="button"
                class="r-button r-button--danger r-button--normal r-button--square delete-button"
        >
          <div class="r-button__content">
            <span class="r-button__text">
              Delete
            </span>
          </div>
        </button>
      </div>
    </div>
  </div>
</div>
<div>
  <div class="r-swipe-cell">
    <div class="r-swipe-cell__wrapper"
         style="transform: translate3d(0px, 0, 0); transition-duration: .6s;"
    >
      <div class="r-swipe-cell__left">
        <button type="button"
                class="r-button r-button--primary r-button--normal r-button--square"
        >
          <div class="r-button__content">
            <span class="r-button__text">
              Select
            </span>
          </div>
        </button>
      </div>
      <div class="r-cell r-cell--borderless">
        <div class="r-cell__title">
          <span>
            Cell
          </span>
        </div>
        <div class="r-cell__value">
          <span>
            Content
          </span>
        </div>
      </div>
      <div class="r-swipe-cell__right">
        <button type="button"
                class="r-button r-button--danger r-button--normal r-button--square"
        >
          <div class="r-button__content">
            <span class="r-button__text">
              Delete
            </span>
          </div>
        </button>
      </div>
    </div>
  </div>
</div>
`;
