// Jest Snapshot v1, https://goo.gl/fbAQLP

exports[`should render demo and match snapshot 1`] = `
<div>
  <div class="r-action-bar r-safe-area-bottom">
    <div role="button"
         class="r-action-bar-icon"
         tabindex="0"
    >
      <div class="r-badge__wrapper r-icon r-action-bar-icon__icon">
      </div>
      Icon1
    </div>
    <div role="button"
         class="r-action-bar-icon"
         tabindex="0"
    >
      <div class="r-badge__wrapper r-icon r-action-bar-icon__icon">
      </div>
      Icon2
    </div>
    <div role="button"
         class="r-action-bar-icon"
         tabindex="0"
    >
      <div class="r-badge__wrapper r-icon r-action-bar-icon__icon">
      </div>
      Icon3
    </div>
    <button type="button"
            class="r-button r-button--danger r-button--large r-action-bar-button r-action-bar-button--danger r-action-bar-button--last r-action-bar-button--first"
    >
      <div class="r-button__content">
        <span class="r-button__text">
          Button
        </span>
      </div>
    </button>
  </div>
</div>
<div>
  <div class="r-action-bar r-safe-area-bottom">
    <div role="button"
         class="r-action-bar-icon"
         tabindex="0"
    >
      <div class="r-badge__wrapper r-icon r-action-bar-icon__icon">
        <div class="r-badge r-badge--top-right r-badge--danger r-badge--dot r-badge--fixed">
        </div>
      </div>
      Icon1
    </div>
    <div role="button"
         class="r-action-bar-icon"
         tabindex="0"
    >
      <div class="r-badge__wrapper r-icon r-action-bar-icon__icon">
        <div class="r-badge r-badge--top-right r-badge--danger r-badge--fixed">
          5
        </div>
      </div>
      Icon2
    </div>
    <div role="button"
         class="r-action-bar-icon"
         tabindex="0"
    >
      <div class="r-badge__wrapper r-icon r-action-bar-icon__icon">
        <div class="r-badge r-badge--top-right r-badge--danger r-badge--fixed">
          12
        </div>
      </div>
      Icon3
    </div>
    <button type="button"
            class="r-button r-button--warning r-button--large r-action-bar-button r-action-bar-button--warning r-action-bar-button--first"
    >
      <div class="r-button__content">
        <span class="r-button__text">
          Button
        </span>
      </div>
    </button>
    <button type="button"
            class="r-button r-button--danger r-button--large r-action-bar-button r-action-bar-button--danger r-action-bar-button--last"
    >
      <div class="r-button__content">
        <span class="r-button__text">
          Button
        </span>
      </div>
    </button>
  </div>
</div>
<div>
  <div class="r-action-bar r-safe-area-bottom">
    <div role="button"
         class="r-action-bar-icon"
         tabindex="0"
    >
      <div class="r-badge__wrapper r-icon r-action-bar-icon__icon"
           style="color: rgb(238, 10, 36);"
      >
      </div>
      Icon1
    </div>
    <div role="button"
         class="r-action-bar-icon"
         tabindex="0"
    >
      <div class="r-badge__wrapper r-icon r-action-bar-icon__icon">
      </div>
      Icon2
    </div>
    <div role="button"
         class="r-action-bar-icon"
         tabindex="0"
    >
      <div class="r-badge__wrapper r-icon r-action-bar-icon__icon"
           style="color: rgb(255, 80, 0);"
      >
      </div>
      Collected
    </div>
    <button type="button"
            class="r-button r-button--warning r-button--large r-action-bar-button r-action-bar-button--warning r-action-bar-button--first"
    >
      <div class="r-button__content">
        <span class="r-button__text">
          Button
        </span>
      </div>
    </button>
    <button type="button"
            class="r-button r-button--danger r-button--large r-action-bar-button r-action-bar-button--danger r-action-bar-button--last"
    >
      <div class="r-button__content">
        <span class="r-button__text">
          Button
        </span>
      </div>
    </button>
  </div>
</div>
<div>
  <div class="r-action-bar r-safe-area-bottom">
    <div role="button"
         class="r-action-bar-icon"
         tabindex="0"
    >
      <div class="r-badge__wrapper r-icon r-action-bar-icon__icon">
      </div>
      Icon1
    </div>
    <div role="button"
         class="r-action-bar-icon"
         tabindex="0"
    >
      <div class="r-badge__wrapper r-icon r-action-bar-icon__icon">
      </div>
      Icon2
    </div>
    <button type="button"
            class="r-button r-button--warning r-button--large r-action-bar-button r-action-bar-button--warning r-action-bar-button--first"
            style="color: white; border-color: #be99ff; background: rgb(190, 153, 255);"
    >
      <div class="r-button__content">
        <span class="r-button__text">
          Button
        </span>
      </div>
    </button>
    <button type="button"
            class="r-button r-button--danger r-button--large r-action-bar-button r-action-bar-button--danger r-action-bar-button--last"
            style="color: white; background: rgb(114, 50, 221); border-color: #7232dd;"
    >
      <div class="r-button__content">
        <span class="r-button__text">
          Button
        </span>
      </div>
    </button>
  </div>
</div>
`;
