// Jest Snapshot v1, https://goo.gl/fbAQLP

exports[`should allow to disable safe-area-inset-bottom prop 1`] = `
<div class="r-action-bar">
</div>
`;

exports[`should render placeholder element when using placeholder prop 1`] = `
<div class="r-action-bar__placeholder"
     style="height: 50px;"
>
  <div class="r-action-bar r-safe-area-bottom">
  </div>
</div>
`;
