// Jest Snapshot v1, https://goo.gl/fbAQLP

exports[`should skeleton title works 1`] = `
<h3 class="r-skeleton-title">
</h3>
`;

exports[`should skeleton title works with props 1`] = `
<h3 class="r-skeleton-title r-skeleton-title--round"
    style="width: 200rem;"
>
</h3>
`;
