// Jest Snapshot v1, https://goo.gl/fbAQLP

exports[`should render demo and match snapshot 1`] = `
<div>
  <div class="r-cell r-cell--clickable"
       role="button"
       tabindex="0"
  >
    <div class="r-cell__title">
      <span>
        Text
      </span>
    </div>
    <i class="r-badge__wrapper r-icon r-icon-arrow r-cell__right-icon">
    </i>
  </div>
  <div class="r-cell r-cell--clickable"
       role="button"
       tabindex="0"
  >
    <div class="r-cell__title">
      <span>
        Loading
      </span>
    </div>
    <i class="r-badge__wrapper r-icon r-icon-arrow r-cell__right-icon">
    </i>
  </div>
  <div class="r-cell r-cell--clickable"
       role="button"
       tabindex="0"
  >
    <div class="r-cell__title">
      <span>
        Success
      </span>
    </div>
    <i class="r-badge__wrapper r-icon r-icon-arrow r-cell__right-icon">
    </i>
  </div>
  <div class="r-cell r-cell--clickable"
       role="button"
       tabindex="0"
  >
    <div class="r-cell__title">
      <span>
        Fail
      </span>
    </div>
    <i class="r-badge__wrapper r-icon r-icon-arrow r-cell__right-icon">
    </i>
  </div>
</div>
<div>
  <div class="r-cell r-cell--clickable"
       role="button"
       tabindex="0"
  >
    <div class="r-cell__title">
      <span>
        Custom Icon
      </span>
    </div>
    <i class="r-badge__wrapper r-icon r-icon-arrow r-cell__right-icon">
    </i>
  </div>
  <div class="r-cell r-cell--clickable"
       role="button"
       tabindex="0"
  >
    <div class="r-cell__title">
      <span>
        Custom Image
      </span>
    </div>
    <i class="r-badge__wrapper r-icon r-icon-arrow r-cell__right-icon">
    </i>
  </div>
  <div class="r-cell r-cell--clickable"
       role="button"
       tabindex="0"
  >
    <div class="r-cell__title">
      <span>
        Loading Type
      </span>
    </div>
    <i class="r-badge__wrapper r-icon r-icon-arrow r-cell__right-icon">
    </i>
  </div>
</div>
<div>
  <div class="r-cell r-cell--clickable"
       role="button"
       tabindex="0"
  >
    <div class="r-cell__title">
      <span>
        Top
      </span>
    </div>
    <i class="r-badge__wrapper r-icon r-icon-arrow r-cell__right-icon">
    </i>
  </div>
  <div class="r-cell r-cell--clickable"
       role="button"
       tabindex="0"
  >
    <div class="r-cell__title">
      <span>
        Bottom
      </span>
    </div>
    <i class="r-badge__wrapper r-icon r-icon-arrow r-cell__right-icon">
    </i>
  </div>
</div>
<div>
  <div class="r-cell r-cell--clickable"
       role="button"
       tabindex="0"
  >
    <div class="r-cell__title">
      <span>
        Break All
      </span>
    </div>
    <i class="r-badge__wrapper r-icon r-icon-arrow r-cell__right-icon">
    </i>
  </div>
  <div class="r-cell r-cell--clickable"
       role="button"
       tabindex="0"
  >
    <div class="r-cell__title">
      <span>
        Break Word
      </span>
    </div>
    <i class="r-badge__wrapper r-icon r-icon-arrow r-cell__right-icon">
    </i>
  </div>
</div>
<div>
  <div class="r-cell r-cell--clickable"
       role="button"
       tabindex="0"
  >
    <div class="r-cell__title">
      <span>
        Update Message
      </span>
    </div>
    <i class="r-badge__wrapper r-icon r-icon-arrow r-cell__right-icon">
    </i>
  </div>
</div>
<div>
  <div class="r-cell r-cell--clickable"
       role="button"
       tabindex="0"
  >
    <div class="r-cell__title">
      <span>
        Use Toast Component
      </span>
    </div>
    <i class="r-badge__wrapper r-icon r-icon-arrow r-cell__right-icon">
    </i>
  </div>
  <transition-stub name="r-fade"
                   appear="false"
                   persisted="false"
                   css="true"
  >
  </transition-stub>
</div>
`;
