// Jest Snapshot v1, https://goo.gl/fbAQLP

exports[`should render demo and match snapshot 1`] = `
<div>
  <div role="radiogroup"
       class="r-rate"
       tabindex="0"
       aria-disabled="false"
       aria-readonly="false"
  >
    <div role="radio"
         class="r-rate__item"
         tabindex="0"
         aria-setsize="5"
         aria-posinset="1"
         aria-checked="true"
    >
      <i class="r-badge__wrapper r-icon r-icon-star r-rate__icon r-rate__icon--full">
      </i>
    </div>
    <div role="radio"
         class="r-rate__item"
         tabindex="0"
         aria-setsize="5"
         aria-posinset="2"
         aria-checked="true"
    >
      <i class="r-badge__wrapper r-icon r-icon-star r-rate__icon r-rate__icon--full">
      </i>
    </div>
    <div role="radio"
         class="r-rate__item"
         tabindex="0"
         aria-setsize="5"
         aria-posinset="3"
         aria-checked="true"
    >
      <i class="r-badge__wrapper r-icon r-icon-star r-rate__icon r-rate__icon--full">
      </i>
    </div>
    <div role="radio"
         class="r-rate__item"
         tabindex="0"
         aria-setsize="5"
         aria-posinset="4"
         aria-checked="false"
    >
      <i class="r-badge__wrapper r-icon r-icon-star-o r-rate__icon">
      </i>
    </div>
    <div role="radio"
         class="r-rate__item"
         tabindex="0"
         aria-setsize="5"
         aria-posinset="5"
         aria-checked="false"
    >
      <i class="r-badge__wrapper r-icon r-icon-star-o r-rate__icon">
      </i>
    </div>
  </div>
</div>
<div>
  <div role="radiogroup"
       class="r-rate"
       tabindex="0"
       aria-disabled="false"
       aria-readonly="false"
  >
    <div role="radio"
         class="r-rate__item"
         tabindex="0"
         aria-setsize="5"
         aria-posinset="1"
         aria-checked="true"
    >
      <i class="r-badge__wrapper r-icon r-icon-like r-rate__icon r-rate__icon--full">
      </i>
    </div>
    <div role="radio"
         class="r-rate__item"
         tabindex="0"
         aria-setsize="5"
         aria-posinset="2"
         aria-checked="true"
    >
      <i class="r-badge__wrapper r-icon r-icon-like r-rate__icon r-rate__icon--full">
      </i>
    </div>
    <div role="radio"
         class="r-rate__item"
         tabindex="0"
         aria-setsize="5"
         aria-posinset="3"
         aria-checked="true"
    >
      <i class="r-badge__wrapper r-icon r-icon-like r-rate__icon r-rate__icon--full">
      </i>
    </div>
    <div role="radio"
         class="r-rate__item"
         tabindex="0"
         aria-setsize="5"
         aria-posinset="4"
         aria-checked="false"
    >
      <i class="r-badge__wrapper r-icon r-icon-like-o r-rate__icon">
      </i>
    </div>
    <div role="radio"
         class="r-rate__item"
         tabindex="0"
         aria-setsize="5"
         aria-posinset="5"
         aria-checked="false"
    >
      <i class="r-badge__wrapper r-icon r-icon-like-o r-rate__icon">
      </i>
    </div>
  </div>
</div>
<div>
  <div role="radiogroup"
       class="r-rate"
       tabindex="0"
       aria-disabled="false"
       aria-readonly="false"
  >
    <div role="radio"
         class="r-rate__item"
         tabindex="0"
         aria-setsize="5"
         aria-posinset="1"
         aria-checked="true"
    >
      <i class="r-badge__wrapper r-icon r-icon-star r-rate__icon r-rate__icon--full"
         style="color: rgb(255, 210, 30); font-size: 25px;"
      >
      </i>
    </div>
    <div role="radio"
         class="r-rate__item"
         tabindex="0"
         aria-setsize="5"
         aria-posinset="2"
         aria-checked="true"
    >
      <i class="r-badge__wrapper r-icon r-icon-star r-rate__icon r-rate__icon--full"
         style="color: rgb(255, 210, 30); font-size: 25px;"
      >
      </i>
    </div>
    <div role="radio"
         class="r-rate__item"
         tabindex="0"
         aria-setsize="5"
         aria-posinset="3"
         aria-checked="true"
    >
      <i class="r-badge__wrapper r-icon r-icon-star r-rate__icon r-rate__icon--full"
         style="color: rgb(255, 210, 30); font-size: 25px;"
      >
      </i>
    </div>
    <div role="radio"
         class="r-rate__item"
         tabindex="0"
         aria-setsize="5"
         aria-posinset="4"
         aria-checked="false"
    >
      <i class="r-badge__wrapper r-icon r-icon-star r-rate__icon"
         style="color: rgb(238, 238, 238); font-size: 25px;"
      >
      </i>
    </div>
    <div role="radio"
         class="r-rate__item"
         tabindex="0"
         aria-setsize="5"
         aria-posinset="5"
         aria-checked="false"
    >
      <i class="r-badge__wrapper r-icon r-icon-star r-rate__icon"
         style="color: rgb(238, 238, 238); font-size: 25px;"
      >
      </i>
    </div>
  </div>
</div>
<div>
  <div role="radiogroup"
       class="r-rate"
       tabindex="0"
       aria-disabled="false"
       aria-readonly="false"
  >
    <div role="radio"
         class="r-rate__item"
         tabindex="0"
         aria-setsize="5"
         aria-posinset="1"
         aria-checked="true"
    >
      <i class="r-badge__wrapper r-icon r-icon-star r-rate__icon r-rate__icon--full">
      </i>
    </div>
    <div role="radio"
         class="r-rate__item"
         tabindex="0"
         aria-setsize="5"
         aria-posinset="2"
         aria-checked="true"
    >
      <i class="r-badge__wrapper r-icon r-icon-star r-rate__icon r-rate__icon--full">
      </i>
    </div>
    <div role="radio"
         class="r-rate__item"
         tabindex="0"
         aria-setsize="5"
         aria-posinset="3"
         aria-checked="true"
    >
      <i class="r-badge__wrapper r-icon r-icon-star-o r-rate__icon">
      </i>
      <i class="r-badge__wrapper r-icon r-icon-star r-rate__icon r-rate__icon--half r-rate__icon--full"
         style="width: 0.5em;"
      >
      </i>
    </div>
    <div role="radio"
         class="r-rate__item"
         tabindex="0"
         aria-setsize="5"
         aria-posinset="4"
         aria-checked="false"
    >
      <i class="r-badge__wrapper r-icon r-icon-star-o r-rate__icon">
      </i>
    </div>
    <div role="radio"
         class="r-rate__item"
         tabindex="0"
         aria-setsize="5"
         aria-posinset="5"
         aria-checked="false"
    >
      <i class="r-badge__wrapper r-icon r-icon-star-o r-rate__icon">
      </i>
    </div>
  </div>
</div>
<div>
  <div role="radiogroup"
       class="r-rate"
       tabindex="0"
       aria-disabled="false"
       aria-readonly="false"
  >
    <div role="radio"
         class="r-rate__item"
         tabindex="0"
         aria-setsize="6"
         aria-posinset="1"
         aria-checked="true"
    >
      <i class="r-badge__wrapper r-icon r-icon-star r-rate__icon r-rate__icon--full">
      </i>
    </div>
    <div role="radio"
         class="r-rate__item"
         tabindex="0"
         aria-setsize="6"
         aria-posinset="2"
         aria-checked="true"
    >
      <i class="r-badge__wrapper r-icon r-icon-star r-rate__icon r-rate__icon--full">
      </i>
    </div>
    <div role="radio"
         class="r-rate__item"
         tabindex="0"
         aria-setsize="6"
         aria-posinset="3"
         aria-checked="true"
    >
      <i class="r-badge__wrapper r-icon r-icon-star r-rate__icon r-rate__icon--full">
      </i>
    </div>
    <div role="radio"
         class="r-rate__item"
         tabindex="0"
         aria-setsize="6"
         aria-posinset="4"
         aria-checked="true"
    >
      <i class="r-badge__wrapper r-icon r-icon-star r-rate__icon r-rate__icon--full">
      </i>
    </div>
    <div role="radio"
         class="r-rate__item"
         tabindex="0"
         aria-setsize="6"
         aria-posinset="5"
         aria-checked="false"
    >
      <i class="r-badge__wrapper r-icon r-icon-star-o r-rate__icon">
      </i>
    </div>
    <div role="radio"
         class="r-rate__item"
         tabindex="0"
         aria-setsize="6"
         aria-posinset="6"
         aria-checked="false"
    >
      <i class="r-badge__wrapper r-icon r-icon-star-o r-rate__icon">
      </i>
    </div>
  </div>
</div>
<div>
  <div role="radiogroup"
       class="r-rate r-rate--disabled"
       aria-disabled="true"
       aria-readonly="false"
  >
    <div role="radio"
         class="r-rate__item"
         aria-setsize="5"
         aria-posinset="1"
         aria-checked="true"
    >
      <i class="r-badge__wrapper r-icon r-icon-star r-rate__icon r-rate__icon--disabled r-rate__icon--full">
      </i>
    </div>
    <div role="radio"
         class="r-rate__item"
         aria-setsize="5"
         aria-posinset="2"
         aria-checked="true"
    >
      <i class="r-badge__wrapper r-icon r-icon-star r-rate__icon r-rate__icon--disabled r-rate__icon--full">
      </i>
    </div>
    <div role="radio"
         class="r-rate__item"
         aria-setsize="5"
         aria-posinset="3"
         aria-checked="true"
    >
      <i class="r-badge__wrapper r-icon r-icon-star r-rate__icon r-rate__icon--disabled r-rate__icon--full">
      </i>
    </div>
    <div role="radio"
         class="r-rate__item"
         aria-setsize="5"
         aria-posinset="4"
         aria-checked="false"
    >
      <i class="r-badge__wrapper r-icon r-icon-star-o r-rate__icon r-rate__icon--disabled">
      </i>
    </div>
    <div role="radio"
         class="r-rate__item"
         aria-setsize="5"
         aria-posinset="5"
         aria-checked="false"
    >
      <i class="r-badge__wrapper r-icon r-icon-star-o r-rate__icon r-rate__icon--disabled">
      </i>
    </div>
  </div>
</div>
<div>
  <div role="radiogroup"
       class="r-rate r-rate--readonly"
       tabindex="0"
       aria-disabled="false"
       aria-readonly="true"
  >
    <div role="radio"
         class="r-rate__item"
         tabindex="0"
         aria-setsize="5"
         aria-posinset="1"
         aria-checked="true"
    >
      <i class="r-badge__wrapper r-icon r-icon-star r-rate__icon r-rate__icon--full">
      </i>
    </div>
    <div role="radio"
         class="r-rate__item"
         tabindex="0"
         aria-setsize="5"
         aria-posinset="2"
         aria-checked="true"
    >
      <i class="r-badge__wrapper r-icon r-icon-star r-rate__icon r-rate__icon--full">
      </i>
    </div>
    <div role="radio"
         class="r-rate__item"
         tabindex="0"
         aria-setsize="5"
         aria-posinset="3"
         aria-checked="true"
    >
      <i class="r-badge__wrapper r-icon r-icon-star r-rate__icon r-rate__icon--full">
      </i>
    </div>
    <div role="radio"
         class="r-rate__item"
         tabindex="0"
         aria-setsize="5"
         aria-posinset="4"
         aria-checked="false"
    >
      <i class="r-badge__wrapper r-icon r-icon-star-o r-rate__icon">
      </i>
    </div>
    <div role="radio"
         class="r-rate__item"
         tabindex="0"
         aria-setsize="5"
         aria-posinset="5"
         aria-checked="false"
    >
      <i class="r-badge__wrapper r-icon r-icon-star-o r-rate__icon">
      </i>
    </div>
  </div>
</div>
<div>
  <div role="radiogroup"
       class="r-rate r-rate--readonly"
       tabindex="0"
       aria-disabled="false"
       aria-readonly="true"
  >
    <div role="radio"
         class="r-rate__item"
         tabindex="0"
         aria-setsize="5"
         aria-posinset="1"
         aria-checked="true"
    >
      <i class="r-badge__wrapper r-icon r-icon-star r-rate__icon r-rate__icon--full">
      </i>
    </div>
    <div role="radio"
         class="r-rate__item"
         tabindex="0"
         aria-setsize="5"
         aria-posinset="2"
         aria-checked="true"
    >
      <i class="r-badge__wrapper r-icon r-icon-star r-rate__icon r-rate__icon--full">
      </i>
    </div>
    <div role="radio"
         class="r-rate__item"
         tabindex="0"
         aria-setsize="5"
         aria-posinset="3"
         aria-checked="true"
    >
      <i class="r-badge__wrapper r-icon r-icon-star r-rate__icon r-rate__icon--full">
      </i>
    </div>
    <div role="radio"
         class="r-rate__item"
         tabindex="0"
         aria-setsize="5"
         aria-posinset="4"
         aria-checked="true"
    >
      <i class="r-badge__wrapper r-icon r-icon-star-o r-rate__icon">
      </i>
      <i class="r-badge__wrapper r-icon r-icon-star r-rate__icon r-rate__icon--half r-rate__icon--full"
         style="width: 0.3em;"
      >
      </i>
    </div>
    <div role="radio"
         class="r-rate__item"
         tabindex="0"
         aria-setsize="5"
         aria-posinset="5"
         aria-checked="false"
    >
      <i class="r-badge__wrapper r-icon r-icon-star-o r-rate__icon">
      </i>
    </div>
  </div>
</div>
<div>
  <div role="radiogroup"
       class="r-rate"
       tabindex="0"
       aria-disabled="false"
       aria-readonly="false"
  >
    <div role="radio"
         class="r-rate__item"
         tabindex="0"
         aria-setsize="5"
         aria-posinset="1"
         aria-checked="true"
    >
      <i class="r-badge__wrapper r-icon r-icon-star r-rate__icon r-rate__icon--full">
      </i>
    </div>
    <div role="radio"
         class="r-rate__item"
         tabindex="0"
         aria-setsize="5"
         aria-posinset="2"
         aria-checked="true"
    >
      <i class="r-badge__wrapper r-icon r-icon-star r-rate__icon r-rate__icon--full">
      </i>
    </div>
    <div role="radio"
         class="r-rate__item"
         tabindex="0"
         aria-setsize="5"
         aria-posinset="3"
         aria-checked="false"
    >
      <i class="r-badge__wrapper r-icon r-icon-star-o r-rate__icon">
      </i>
    </div>
    <div role="radio"
         class="r-rate__item"
         tabindex="0"
         aria-setsize="5"
         aria-posinset="4"
         aria-checked="false"
    >
      <i class="r-badge__wrapper r-icon r-icon-star-o r-rate__icon">
      </i>
    </div>
    <div role="radio"
         class="r-rate__item"
         tabindex="0"
         aria-setsize="5"
         aria-posinset="5"
         aria-checked="false"
    >
      <i class="r-badge__wrapper r-icon r-icon-star-o r-rate__icon">
      </i>
    </div>
  </div>
</div>
`;
