// Jest Snapshot v1, https://goo.gl/fbAQLP

exports[`should render demo and match snapshot 1`] = `
<div>
  <div class="r-password-input">
    <ul class="r-password-input__security r-hairline--surround">
      <li class="r-password-input__item">
        <i style="visibility: visible;">
        </i>
      </li>
      <li class="r-hairline--left r-password-input__item">
        <i style="visibility: visible;">
        </i>
      </li>
      <li class="r-hairline--left r-password-input__item">
        <i style="visibility: visible;">
        </i>
      </li>
      <li class="r-hairline--left r-password-input__item r-password-input__item--focus">
        <i style="visibility: hidden;">
        </i>
        <div class="r-password-input__cursor">
        </div>
      </li>
      <li class="r-hairline--left r-password-input__item">
        <i style="visibility: hidden;">
        </i>
      </li>
      <li class="r-hairline--left r-password-input__item">
        <i style="visibility: hidden;">
        </i>
      </li>
    </ul>
  </div>
</div>
<div>
  <div class="r-password-input">
    <ul class="r-password-input__security r-hairline--surround">
      <li class="r-password-input__item">
        <i style="visibility: visible;">
        </i>
      </li>
      <li class="r-hairline--left r-password-input__item">
        <i style="visibility: visible;">
        </i>
      </li>
      <li class="r-hairline--left r-password-input__item">
        <i style="visibility: visible;">
        </i>
      </li>
      <li class="r-hairline--left r-password-input__item">
        <i style="visibility: hidden;">
        </i>
      </li>
    </ul>
  </div>
</div>
<div>
  <div class="r-password-input">
    <ul class="r-password-input__security">
      <li class="r-password-input__item">
        <i style="visibility: visible;">
        </i>
      </li>
      <li class="r-password-input__item"
          style="margin-left: 10px;"
      >
        <i style="visibility: visible;">
        </i>
      </li>
      <li class="r-password-input__item"
          style="margin-left: 10px;"
      >
        <i style="visibility: visible;">
        </i>
      </li>
      <li class="r-password-input__item"
          style="margin-left: 10px;"
      >
        <i style="visibility: hidden;">
        </i>
      </li>
      <li class="r-password-input__item"
          style="margin-left: 10px;"
      >
        <i style="visibility: hidden;">
        </i>
      </li>
      <li class="r-password-input__item"
          style="margin-left: 10px;"
      >
        <i style="visibility: hidden;">
        </i>
      </li>
    </ul>
  </div>
</div>
<div>
  <div class="r-password-input">
    <ul class="r-password-input__security r-hairline--surround">
      <li class="r-password-input__item">
        1
      </li>
      <li class="r-hairline--left r-password-input__item">
        2
      </li>
      <li class="r-hairline--left r-password-input__item">
        3
      </li>
      <li class="r-hairline--left r-password-input__item">
      </li>
      <li class="r-hairline--left r-password-input__item">
      </li>
      <li class="r-hairline--left r-password-input__item">
      </li>
    </ul>
  </div>
</div>
<div>
  <div class="r-password-input">
    <ul class="r-password-input__security r-hairline--surround">
      <li class="r-password-input__item">
        <i style="visibility: visible;">
        </i>
      </li>
      <li class="r-hairline--left r-password-input__item">
        <i style="visibility: visible;">
        </i>
      </li>
      <li class="r-hairline--left r-password-input__item">
        <i style="visibility: visible;">
        </i>
      </li>
      <li class="r-hairline--left r-password-input__item">
        <i style="visibility: hidden;">
        </i>
      </li>
      <li class="r-hairline--left r-password-input__item">
        <i style="visibility: hidden;">
        </i>
      </li>
      <li class="r-hairline--left r-password-input__item">
        <i style="visibility: hidden;">
        </i>
      </li>
    </ul>
    <div class="r-password-input__info">
      Some tips
    </div>
  </div>
</div>
<transition-stub name="r-slide-up"
                 appear="false"
                 persisted="false"
                 css="true"
>
  <div class="r-number-keyboard">
    <div class="r-number-keyboard__body">
      <div class="r-number-keyboard__keys">
        <div class="r-key__wrapper">
          <div role="button"
               tabindex="0"
               class="r-key"
          >
            1
          </div>
        </div>
        <div class="r-key__wrapper">
          <div role="button"
               tabindex="0"
               class="r-key"
          >
            2
          </div>
        </div>
        <div class="r-key__wrapper">
          <div role="button"
               tabindex="0"
               class="r-key"
          >
            3
          </div>
        </div>
        <div class="r-key__wrapper">
          <div role="button"
               tabindex="0"
               class="r-key"
          >
            4
          </div>
        </div>
        <div class="r-key__wrapper">
          <div role="button"
               tabindex="0"
               class="r-key"
          >
            5
          </div>
        </div>
        <div class="r-key__wrapper">
          <div role="button"
               tabindex="0"
               class="r-key"
          >
            6
          </div>
        </div>
        <div class="r-key__wrapper">
          <div role="button"
               tabindex="0"
               class="r-key"
          >
            7
          </div>
        </div>
        <div class="r-key__wrapper">
          <div role="button"
               tabindex="0"
               class="r-key"
          >
            8
          </div>
        </div>
        <div class="r-key__wrapper">
          <div role="button"
               tabindex="0"
               class="r-key"
          >
            9
          </div>
        </div>
        <div class="r-key__wrapper">
          <div role="button"
               tabindex="0"
               class="r-key"
          >
            <svg class="r-key__collapse-icon"
                 viewbox="0 0 30 24"
            >
              <path d="M26 13h-2v2h2v-2zm-8-3h2V8h-2v2zm2-4h2V4h-2v2zm2 4h4V4h-2v4h-2v2zm-7 14 3-3h-6l3 3zM6 13H4v2h2v-2zm16 0H8v2h14v-2zm-12-3h2V8h-2v2zM28 0l1 1 1 1v15l-1 2H1l-1-2V2l1-1 1-1zm0 2H2v15h26V2zM6 4v2H4V4zm10 2h2V4h-2v2zM8 9v1H4V8zm8 0v1h-2V8zm-6-5v2H8V4zm4 0v2h-2V4z"
                    fill="currentColor"
              >
              </path>
            </svg>
          </div>
        </div>
        <div class="r-key__wrapper">
          <div role="button"
               tabindex="0"
               class="r-key"
          >
            0
          </div>
        </div>
        <div class="r-key__wrapper">
          <div role="button"
               tabindex="0"
               class="r-key r-key--delete"
          >
            <svg class="r-key__delete-icon"
                 viewbox="0 0 32 22"
            >
              <path d="M28 0a4 4 0 0 1 4 4v14a4 4 0 0 1-4 4H10.4a2 2 0 0 1-1.4-.6L1 13.1c-.6-.5-.9-1.3-.9-2 0-1 .3-1.7.9-2.2L9 .6a2 2 0 0 1 1.4-.6zm0 2H10.4l-8.2 8.3a1 1 0 0 0-.3.7c0 .3.1.5.3.7l8.2 8.4H28a2 2 0 0 0 2-2V4c0-1.1-.9-2-2-2zm-5 4a1 1 0 0 1 .7.3 1 1 0 0 1 0 1.4L20.4 11l3.3 3.3c.2.2.3.5.3.7 0 .3-.1.5-.3.7a1 1 0 0 1-.7.3 1 1 0 0 1-.7-.3L19 12.4l-3.4 3.3a1 1 0 0 1-.6.3 1 1 0 0 1-.7-.3 1 1 0 0 1-.3-.7c0-.2.1-.5.3-.7l3.3-3.3-3.3-3.3A1 1 0 0 1 14 7c0-.3.1-.5.3-.7A1 1 0 0 1 15 6a1 1 0 0 1 .6.3L19 9.6l3.3-3.3A1 1 0 0 1 23 6z"
                    fill="currentColor"
              >
              </path>
            </svg>
          </div>
        </div>
      </div>
    </div>
  </div>
</transition-stub>
`;
