// Jest Snapshot v1, https://goo.gl/fbAQLP

exports[`should render demo and match snapshot 1`] = `
<div>
  <div class="r-cell r-cell--center">
    <div class="r-cell__title">
      <span>
        Basic Usage
      </span>
    </div>
    <div class="r-cell__value">
      <div role="group"
           class="r-stepper"
      >
        <button type="button"
                class="r-stepper__minus r-stepper__minus--disabled"
                aria-disabled="true"
        >
        </button>
        <input type="text"
               role="spinbutton"
               class="r-stepper__input"
               inputmode="decimal"
               aria-valuemax="Infinity"
               aria-valuemin="1"
               aria-valuenow="1"
        >
        <button type="button"
                class="r-stepper__plus r-haptics-feedback"
        >
        </button>
      </div>
    </div>
  </div>
  <div class="r-cell r-cell--center">
    <div class="r-cell__title">
      <span>
        Step
      </span>
    </div>
    <div class="r-cell__value">
      <div role="group"
           class="r-stepper"
      >
        <button type="button"
                class="r-stepper__minus r-stepper__minus--disabled"
                aria-disabled="true"
        >
        </button>
        <input type="text"
               role="spinbutton"
               class="r-stepper__input"
               inputmode="decimal"
               aria-valuemax="Infinity"
               aria-valuemin="1"
               aria-valuenow="1"
        >
        <button type="button"
                class="r-stepper__plus r-haptics-feedback"
        >
        </button>
      </div>
    </div>
  </div>
  <div class="r-cell r-cell--center">
    <div class="r-cell__title">
      <span>
        Range
      </span>
    </div>
    <div class="r-cell__value">
      <div role="group"
           class="r-stepper"
      >
        <button type="button"
                class="r-stepper__minus r-stepper__minus--disabled"
                aria-disabled="true"
        >
        </button>
        <input type="text"
               role="spinbutton"
               class="r-stepper__input"
               inputmode="decimal"
               aria-valuemax="8"
               aria-valuemin="5"
               aria-valuenow="5"
        >
        <button type="button"
                class="r-stepper__plus r-haptics-feedback"
        >
        </button>
      </div>
    </div>
  </div>
  <div class="r-cell r-cell--center">
    <div class="r-cell__title">
      <span>
        Integer
      </span>
    </div>
    <div class="r-cell__value">
      <div role="group"
           class="r-stepper"
      >
        <button type="button"
                class="r-stepper__minus r-stepper__minus--disabled"
                aria-disabled="true"
        >
        </button>
        <input type="tel"
               role="spinbutton"
               class="r-stepper__input"
               inputmode="numeric"
               aria-valuemax="Infinity"
               aria-valuemin="1"
               aria-valuenow="1"
        >
        <button type="button"
                class="r-stepper__plus r-haptics-feedback"
        >
        </button>
      </div>
    </div>
  </div>
  <div class="r-cell r-cell--center">
    <div class="r-cell__title">
      <span>
        Disabled
      </span>
    </div>
    <div class="r-cell__value">
      <div role="group"
           class="r-stepper"
      >
        <button type="button"
                class="r-stepper__minus r-stepper__minus--disabled"
                aria-disabled="true"
        >
        </button>
        <input type="text"
               role="spinbutton"
               class="r-stepper__input"
               disabled
               inputmode="decimal"
               aria-valuemax="Infinity"
               aria-valuemin="1"
               aria-valuenow="1"
        >
        <button type="button"
                class="r-stepper__plus r-stepper__plus--disabled"
                aria-disabled="true"
        >
        </button>
      </div>
    </div>
  </div>
  <div class="r-cell r-cell--center">
    <div class="r-cell__title">
      <span>
        Disable Input
      </span>
    </div>
    <div class="r-cell__value">
      <div role="group"
           class="r-stepper"
      >
        <button type="button"
                class="r-stepper__minus r-stepper__minus--disabled"
                aria-disabled="true"
        >
        </button>
        <input type="text"
               role="spinbutton"
               class="r-stepper__input"
               readonly
               inputmode="decimal"
               aria-valuemax="Infinity"
               aria-valuemin="1"
               aria-valuenow="1"
        >
        <button type="button"
                class="r-stepper__plus r-haptics-feedback"
        >
        </button>
      </div>
    </div>
  </div>
  <div class="r-cell r-cell--center">
    <div class="r-cell__title">
      <span>
        Decimal Length
      </span>
    </div>
    <div class="r-cell__value">
      <div role="group"
           class="r-stepper"
      >
        <button type="button"
                class="r-stepper__minus r-stepper__minus--disabled"
                aria-disabled="true"
        >
        </button>
        <input type="text"
               role="spinbutton"
               class="r-stepper__input"
               inputmode="decimal"
               aria-valuemax="Infinity"
               aria-valuemin="1"
               aria-valuenow="1.0"
        >
        <button type="button"
                class="r-stepper__plus r-haptics-feedback"
        >
        </button>
      </div>
    </div>
  </div>
  <div class="r-cell r-cell--center">
    <div class="r-cell__title">
      <span>
        Custom Size
      </span>
    </div>
    <div class="r-cell__value">
      <div role="group"
           class="r-stepper"
      >
        <button type="button"
                style="width: 32px; height: 32px;"
                class="r-stepper__minus r-stepper__minus--disabled"
                aria-disabled="true"
        >
        </button>
        <input type="text"
               role="spinbutton"
               class="r-stepper__input"
               style="width: 40px; height: 32px;"
               inputmode="decimal"
               aria-valuemax="Infinity"
               aria-valuemin="1"
               aria-valuenow="1"
        >
        <button type="button"
                style="width: 32px; height: 32px;"
                class="r-stepper__plus r-haptics-feedback"
        >
        </button>
      </div>
    </div>
  </div>
  <div class="r-cell r-cell--center">
    <div class="r-cell__title">
      <span>
        Before Change
      </span>
    </div>
    <div class="r-cell__value">
      <div role="group"
           class="r-stepper"
      >
        <button type="button"
                class="r-stepper__minus r-stepper__minus--disabled"
                aria-disabled="true"
        >
        </button>
        <input type="text"
               role="spinbutton"
               class="r-stepper__input"
               inputmode="decimal"
               aria-valuemax="Infinity"
               aria-valuemin="1"
               aria-valuenow="1"
        >
        <button type="button"
                class="r-stepper__plus r-haptics-feedback"
        >
        </button>
      </div>
    </div>
  </div>
  <div class="r-cell r-cell--center">
    <div class="r-cell__title">
      <span>
        Round Theme
      </span>
    </div>
    <div class="r-cell__value">
      <div role="group"
           class="r-stepper r-stepper--round"
      >
        <button type="button"
                style="width: 22px; height: 22px;"
                class="r-stepper__minus r-stepper__minus--disabled"
                aria-disabled="true"
        >
        </button>
        <input type="text"
               role="spinbutton"
               class="r-stepper__input"
               style="height: 22px;"
               readonly
               inputmode="decimal"
               aria-valuemax="Infinity"
               aria-valuemin="1"
               aria-valuenow="1"
        >
        <button type="button"
                style="width: 22px; height: 22px;"
                class="r-stepper__plus r-haptics-feedback"
        >
        </button>
      </div>
    </div>
  </div>
</div>
`;
