// Jest Snapshot v1, https://goo.gl/fbAQLP

exports[`should render demo and match snapshot 1`] = `
<div>
  <div class="r-steps r-steps--horizontal">
    <div class="r-steps__items">
      <div class="r-hairline r-step r-step--horizontal r-step--finish">
        <div class="r-step__title">
          Step1
        </div>
        <div class="r-step__circle-container">
          <i class="r-step__circle">
          </i>
        </div>
        <div class="r-step__line">
        </div>
      </div>
      <div class="r-hairline r-step r-step--horizontal r-step--process">
        <div class="r-step__title r-step__title--active">
          Step2
        </div>
        <div class="r-step__circle-container">
          <i class="r-badge__wrapper r-icon r-icon-checked r-step__icon r-step__icon--active">
          </i>
        </div>
        <div class="r-step__line">
        </div>
      </div>
      <div class="r-hairline r-step r-step--horizontal r-step--waiting">
        <div class="r-step__title">
          Step3
        </div>
        <div class="r-step__circle-container">
          <i class="r-step__circle">
          </i>
        </div>
        <div class="r-step__line">
        </div>
      </div>
      <div class="r-hairline r-step r-step--horizontal r-step--waiting">
        <div class="r-step__title">
          Step4
        </div>
        <div class="r-step__circle-container">
          <i class="r-step__circle">
          </i>
        </div>
        <div class="r-step__line">
        </div>
      </div>
    </div>
  </div>
  <button type="button"
          class="r-button r-button--default r-button--normal"
  >
    <div class="r-button__content">
      <span class="r-button__text">
        Next Step
      </span>
    </div>
  </button>
</div>
<div>
  <div class="r-steps r-steps--horizontal">
    <div class="r-steps__items">
      <div class="r-hairline r-step r-step--horizontal r-step--finish">
        <div class="r-step__title">
          Step1
        </div>
        <div class="r-step__circle-container">
          <i class="r-badge__wrapper r-icon r-icon-arrow r-step__icon">
          </i>
        </div>
        <div class="r-step__line"
             style="background: rgb(7, 193, 96);"
        >
        </div>
      </div>
      <div class="r-hairline r-step r-step--horizontal r-step--process">
        <div class="r-step__title r-step__title--active"
             style="color: rgb(7, 193, 96);"
        >
          Step2
        </div>
        <div class="r-step__circle-container">
          <i class="r-badge__wrapper r-icon r-icon-success r-step__icon r-step__icon--active"
             style="color: rgb(7, 193, 96);"
          >
          </i>
        </div>
        <div class="r-step__line">
        </div>
      </div>
      <div class="r-hairline r-step r-step--horizontal r-step--waiting">
        <div class="r-step__title">
          Step3
        </div>
        <div class="r-step__circle-container">
          <i class="r-badge__wrapper r-icon r-icon-arrow r-step__icon">
          </i>
        </div>
        <div class="r-step__line">
        </div>
      </div>
      <div class="r-hairline r-step r-step--horizontal r-step--waiting">
        <div class="r-step__title">
          Step4
        </div>
        <div class="r-step__circle-container">
          <i class="r-badge__wrapper r-icon r-icon-arrow r-step__icon">
          </i>
        </div>
        <div class="r-step__line">
        </div>
      </div>
    </div>
  </div>
</div>
<div>
  <div class="r-steps r-steps--vertical">
    <div class="r-steps__items">
      <div class="r-hairline r-step r-step--vertical r-step--process">
        <div class="r-step__title r-step__title--active">
          <h3>
            【City】Status1
          </h3>
          <p>
            2016-07-12 12:40
          </p>
        </div>
        <div class="r-step__circle-container">
          <i class="r-badge__wrapper r-icon r-icon-checked r-step__icon r-step__icon--active">
          </i>
        </div>
        <div class="r-step__line">
        </div>
      </div>
      <div class="r-hairline r-step r-step--vertical r-step--waiting">
        <div class="r-step__title">
          <h3>
            【City】Status2
          </h3>
          <p>
            2016-07-11 10:00
          </p>
        </div>
        <div class="r-step__circle-container">
          <i class="r-step__circle">
          </i>
        </div>
        <div class="r-step__line">
        </div>
      </div>
      <div class="r-hairline r-step r-step--vertical r-step--waiting">
        <div class="r-step__title">
          <h3>
            【City】Status3
          </h3>
          <p>
            2016-07-10 09:30
          </p>
        </div>
        <div class="r-step__circle-container">
          <i class="r-step__circle">
          </i>
        </div>
        <div class="r-step__line">
        </div>
      </div>
    </div>
  </div>
</div>
`;
