// Jest Snapshot v1, https://goo.gl/fbAQLP

exports[`should render demo and match snapshot 1`] = `
<div class="r-tabs r-tabs--line">
  <div class="r-tabs__wrap">
    <div role="tablist"
         class="r-tabs__nav r-tabs__nav--line"
         aria-orientation="horizontal"
    >
      <div id="r-tabs-0"
           role="tab"
           class="r-tab r-tab--line r-tab--active"
           tabindex="0"
           aria-selected="true"
           aria-controls="r-tab"
      >
        <span class="r-tab__text r-tab__text--ellipsis">
          Basic Usage
        </span>
      </div>
      <div id="r-tabs-1"
           role="tab"
           class="r-tab r-tab--line"
           tabindex="-1"
           aria-selected="false"
           aria-controls="r-tab"
      >
        <span class="r-tab__text r-tab__text--ellipsis">
          Error Info
        </span>
      </div>
      <div id="r-tabs-2"
           role="tab"
           class="r-tab r-tab--line"
           tabindex="-1"
           aria-selected="false"
           aria-controls="r-tab"
      >
        <span class="r-tab__text r-tab__text--ellipsis">
          PullRefresh
        </span>
      </div>
      <div class="r-tabs__line"
           style="transform: translateX(50px) translateX(-50%);"
      >
      </div>
    </div>
  </div>
  <div class="r-tabs__content">
    <div id="r-tab"
         role="tabpanel"
         class="r-tab__panel"
         tabindex="0"
         aria-labelledby="r-tabs-0"
         style
    >
      <div role="feed"
           class="r-list"
           aria-busy="true"
      >
        <div class="r-list__loading">
          <div class="r-loading r-loading--circular r-list__loading-icon"
               aria-live="polite"
               aria-busy="true"
          >
            <span class="r-loading__spinner r-loading__spinner--circular">
              <svg class="r-loading__circular"
                   viewbox="25 25 50 50"
              >
                <circle cx="50"
                        cy="50"
                        r="20"
                        fill="none"
                >
                </circle>
              </svg>
            </span>
            <span class="r-loading__text">
              Loading...
            </span>
          </div>
        </div>
        <div class="r-list__placeholder">
        </div>
      </div>
    </div>
    <div id="r-tab"
         role="tabpanel"
         class="r-tab__panel"
         tabindex="-1"
         aria-labelledby="r-tabs-1"
         style="display: none;"
    >
    </div>
    <div id="r-tab"
         role="tabpanel"
         class="r-tab__panel"
         tabindex="-1"
         aria-labelledby="r-tabs-2"
         style="display: none;"
    >
    </div>
  </div>
</div>
`;
