// Jest Snapshot v1, https://goo.gl/fbAQLP

exports[`should skeleton avatar render correctly when change props 1`] = `
<div class="r-skeleton-avatar r-skeleton-avatar--square"
     style="width: 50px; height: 50px;"
>
</div>
`;

exports[`should skeleton avatar render correctly without props 1`] = `
<div class="r-skeleton-avatar r-skeleton-avatar--round">
</div>
`;
