// Jest Snapshot v1, https://goo.gl/fbAQLP

exports[`should move to first option when all options are disabled 1`] = `
<div class="r-picker">
  <div class="r-picker__toolbar">
    <button type="button"
            class="r-picker__cancel r-haptics-feedback"
    >
      Cancel
    </button>
    <button type="button"
            class="r-picker__confirm r-haptics-feedback"
    >
      Confirm
    </button>
  </div>
  <div class="r-picker__columns"
       style="height: 264px;"
  >
    <div class="r-picker-column">
      <ul style="transform: translate3d(0, 110px, 0); transition-duration: 0ms; transition-property: none;"
          class="r-picker-column__wrapper"
      >
        <li role="button"
            style="height: 44px;"
            tabindex="-1"
            class="r-picker-column__item r-picker-column__item--disabled r-picker-column__item--selected"
        >
          <div class="r-ellipsis">
            A1
          </div>
        </li>
        <li role="button"
            style="height: 44px;"
            tabindex="-1"
            class="r-picker-column__item r-picker-column__item--disabled r-picker-column__item--selected"
        >
          <div class="r-ellipsis">
            A2
          </div>
        </li>
      </ul>
    </div>
    <div class="r-picker-column">
      <ul style="transform: translate3d(0, 110px, 0); transition-duration: 0ms; transition-property: none;"
          class="r-picker-column__wrapper"
      >
        <li role="button"
            style="height: 44px;"
            tabindex="-1"
            class="r-picker-column__item r-picker-column__item--disabled r-picker-column__item--selected"
        >
          <div class="r-ellipsis">
            B1
          </div>
        </li>
        <li role="button"
            style="height: 44px;"
            tabindex="-1"
            class="r-picker-column__item r-picker-column__item--disabled r-picker-column__item--selected"
        >
          <div class="r-ellipsis">
            B2
          </div>
        </li>
      </ul>
    </div>
    <div class="r-picker__mask"
         style="background-size: 100% 110px;"
    >
    </div>
    <div class="r-hairline-unset--top-bottom r-picker__frame"
         style="height: 44px;"
    >
    </div>
  </div>
</div>
`;
