// Jest Snapshot v1, https://goo.gl/fbAQLP

exports[`should render demo and match snapshot 1`] = `
<div class="r-tabs r-tabs--line">
  <div class="r-tabs__wrap">
    <div role="tablist"
         class="r-tabs__nav r-tabs__nav--line"
         aria-orientation="horizontal"
    >
      <div id="r-tabs-0"
           role="tab"
           class="r-tab r-tab--line r-tab--active"
           tabindex="0"
           aria-selected="true"
           aria-controls="r-tab"
      >
        <span class="r-tab__text r-tab__text--ellipsis">
          Basic Usage
        </span>
      </div>
      <div id="r-tabs-1"
           role="tab"
           class="r-tab r-tab--line"
           tabindex="-1"
           aria-selected="false"
           aria-controls="r-tab"
      >
        <span class="r-tab__text r-tab__text--ellipsis">
          Custom Index List
        </span>
      </div>
      <div class="r-tabs__line"
           style="transform: translateX(50px) translateX(-50%);"
      >
      </div>
    </div>
  </div>
  <div class="r-tabs__content">
    <div id="r-tab"
         role="tabpanel"
         class="r-tab__panel"
         tabindex="0"
         aria-labelledby="r-tabs-0"
         style
    >
      <div class="r-index-bar">
        <div class="r-index-bar__sidebar">
          <span class="r-index-bar__index"
                data-index="A"
          >
            A
          </span>
          <span class="r-index-bar__index"
                data-index="B"
          >
            B
          </span>
          <span class="r-index-bar__index"
                data-index="C"
          >
            C
          </span>
          <span class="r-index-bar__index"
                data-index="D"
          >
            D
          </span>
          <span class="r-index-bar__index"
                data-index="E"
          >
            E
          </span>
          <span class="r-index-bar__index"
                data-index="F"
          >
            F
          </span>
          <span class="r-index-bar__index"
                data-index="G"
          >
            G
          </span>
          <span class="r-index-bar__index"
                data-index="H"
          >
            H
          </span>
          <span class="r-index-bar__index"
                data-index="I"
          >
            I
          </span>
          <span class="r-index-bar__index"
                data-index="J"
          >
            J
          </span>
          <span class="r-index-bar__index"
                data-index="K"
          >
            K
          </span>
          <span class="r-index-bar__index"
                data-index="L"
          >
            L
          </span>
          <span class="r-index-bar__index"
                data-index="M"
          >
            M
          </span>
          <span class="r-index-bar__index"
                data-index="N"
          >
            N
          </span>
          <span class="r-index-bar__index"
                data-index="O"
          >
            O
          </span>
          <span class="r-index-bar__index"
                data-index="P"
          >
            P
          </span>
          <span class="r-index-bar__index"
                data-index="Q"
          >
            Q
          </span>
          <span class="r-index-bar__index"
                data-index="R"
          >
            R
          </span>
          <span class="r-index-bar__index"
                data-index="S"
          >
            S
          </span>
          <span class="r-index-bar__index"
                data-index="T"
          >
            T
          </span>
          <span class="r-index-bar__index"
                data-index="U"
          >
            U
          </span>
          <span class="r-index-bar__index"
                data-index="V"
          >
            V
          </span>
          <span class="r-index-bar__index"
                data-index="W"
          >
            W
          </span>
          <span class="r-index-bar__index"
                data-index="X"
          >
            X
          </span>
          <span class="r-index-bar__index"
                data-index="Y"
          >
            Y
          </span>
          <span class="r-index-bar__index r-index-bar__index--active"
                data-index="Z"
          >
            Z
          </span>
        </div>
        <div>
          <div>
            <div class="r-index-anchor">
              A
            </div>
          </div>
          <div class="r-cell">
            <div class="r-cell__title">
              <span>
                Text
              </span>
            </div>
          </div>
          <div class="r-cell">
            <div class="r-cell__title">
              <span>
                Text
              </span>
            </div>
          </div>
          <div class="r-cell">
            <div class="r-cell__title">
              <span>
                Text
              </span>
            </div>
          </div>
        </div>
        <div>
          <div>
            <div class="r-index-anchor">
              B
            </div>
          </div>
          <div class="r-cell">
            <div class="r-cell__title">
              <span>
                Text
              </span>
            </div>
          </div>
          <div class="r-cell">
            <div class="r-cell__title">
              <span>
                Text
              </span>
            </div>
          </div>
          <div class="r-cell">
            <div class="r-cell__title">
              <span>
                Text
              </span>
            </div>
          </div>
        </div>
        <div>
          <div>
            <div class="r-index-anchor">
              C
            </div>
          </div>
          <div class="r-cell">
            <div class="r-cell__title">
              <span>
                Text
              </span>
            </div>
          </div>
          <div class="r-cell">
            <div class="r-cell__title">
              <span>
                Text
              </span>
            </div>
          </div>
          <div class="r-cell">
            <div class="r-cell__title">
              <span>
                Text
              </span>
            </div>
          </div>
        </div>
        <div>
          <div>
            <div class="r-index-anchor">
              D
            </div>
          </div>
          <div class="r-cell">
            <div class="r-cell__title">
              <span>
                Text
              </span>
            </div>
          </div>
          <div class="r-cell">
            <div class="r-cell__title">
              <span>
                Text
              </span>
            </div>
          </div>
          <div class="r-cell">
            <div class="r-cell__title">
              <span>
                Text
              </span>
            </div>
          </div>
        </div>
        <div>
          <div>
            <div class="r-index-anchor">
              E
            </div>
          </div>
          <div class="r-cell">
            <div class="r-cell__title">
              <span>
                Text
              </span>
            </div>
          </div>
          <div class="r-cell">
            <div class="r-cell__title">
              <span>
                Text
              </span>
            </div>
          </div>
          <div class="r-cell">
            <div class="r-cell__title">
              <span>
                Text
              </span>
            </div>
          </div>
        </div>
        <div>
          <div>
            <div class="r-index-anchor">
              F
            </div>
          </div>
          <div class="r-cell">
            <div class="r-cell__title">
              <span>
                Text
              </span>
            </div>
          </div>
          <div class="r-cell">
            <div class="r-cell__title">
              <span>
                Text
              </span>
            </div>
          </div>
          <div class="r-cell">
            <div class="r-cell__title">
              <span>
                Text
              </span>
            </div>
          </div>
        </div>
        <div>
          <div>
            <div class="r-index-anchor">
              G
            </div>
          </div>
          <div class="r-cell">
            <div class="r-cell__title">
              <span>
                Text
              </span>
            </div>
          </div>
          <div class="r-cell">
            <div class="r-cell__title">
              <span>
                Text
              </span>
            </div>
          </div>
          <div class="r-cell">
            <div class="r-cell__title">
              <span>
                Text
              </span>
            </div>
          </div>
        </div>
        <div>
          <div>
            <div class="r-index-anchor">
              H
            </div>
          </div>
          <div class="r-cell">
            <div class="r-cell__title">
              <span>
                Text
              </span>
            </div>
          </div>
          <div class="r-cell">
            <div class="r-cell__title">
              <span>
                Text
              </span>
            </div>
          </div>
          <div class="r-cell">
            <div class="r-cell__title">
              <span>
                Text
              </span>
            </div>
          </div>
        </div>
        <div>
          <div>
            <div class="r-index-anchor">
              I
            </div>
          </div>
          <div class="r-cell">
            <div class="r-cell__title">
              <span>
                Text
              </span>
            </div>
          </div>
          <div class="r-cell">
            <div class="r-cell__title">
              <span>
                Text
              </span>
            </div>
          </div>
          <div class="r-cell">
            <div class="r-cell__title">
              <span>
                Text
              </span>
            </div>
          </div>
        </div>
        <div>
          <div>
            <div class="r-index-anchor">
              J
            </div>
          </div>
          <div class="r-cell">
            <div class="r-cell__title">
              <span>
                Text
              </span>
            </div>
          </div>
          <div class="r-cell">
            <div class="r-cell__title">
              <span>
                Text
              </span>
            </div>
          </div>
          <div class="r-cell">
            <div class="r-cell__title">
              <span>
                Text
              </span>
            </div>
          </div>
        </div>
        <div>
          <div>
            <div class="r-index-anchor">
              K
            </div>
          </div>
          <div class="r-cell">
            <div class="r-cell__title">
              <span>
                Text
              </span>
            </div>
          </div>
          <div class="r-cell">
            <div class="r-cell__title">
              <span>
                Text
              </span>
            </div>
          </div>
          <div class="r-cell">
            <div class="r-cell__title">
              <span>
                Text
              </span>
            </div>
          </div>
        </div>
        <div>
          <div>
            <div class="r-index-anchor">
              L
            </div>
          </div>
          <div class="r-cell">
            <div class="r-cell__title">
              <span>
                Text
              </span>
            </div>
          </div>
          <div class="r-cell">
            <div class="r-cell__title">
              <span>
                Text
              </span>
            </div>
          </div>
          <div class="r-cell">
            <div class="r-cell__title">
              <span>
                Text
              </span>
            </div>
          </div>
        </div>
        <div>
          <div>
            <div class="r-index-anchor">
              M
            </div>
          </div>
          <div class="r-cell">
            <div class="r-cell__title">
              <span>
                Text
              </span>
            </div>
          </div>
          <div class="r-cell">
            <div class="r-cell__title">
              <span>
                Text
              </span>
            </div>
          </div>
          <div class="r-cell">
            <div class="r-cell__title">
              <span>
                Text
              </span>
            </div>
          </div>
        </div>
        <div>
          <div>
            <div class="r-index-anchor">
              N
            </div>
          </div>
          <div class="r-cell">
            <div class="r-cell__title">
              <span>
                Text
              </span>
            </div>
          </div>
          <div class="r-cell">
            <div class="r-cell__title">
              <span>
                Text
              </span>
            </div>
          </div>
          <div class="r-cell">
            <div class="r-cell__title">
              <span>
                Text
              </span>
            </div>
          </div>
        </div>
        <div>
          <div>
            <div class="r-index-anchor">
              O
            </div>
          </div>
          <div class="r-cell">
            <div class="r-cell__title">
              <span>
                Text
              </span>
            </div>
          </div>
          <div class="r-cell">
            <div class="r-cell__title">
              <span>
                Text
              </span>
            </div>
          </div>
          <div class="r-cell">
            <div class="r-cell__title">
              <span>
                Text
              </span>
            </div>
          </div>
        </div>
        <div>
          <div>
            <div class="r-index-anchor">
              P
            </div>
          </div>
          <div class="r-cell">
            <div class="r-cell__title">
              <span>
                Text
              </span>
            </div>
          </div>
          <div class="r-cell">
            <div class="r-cell__title">
              <span>
                Text
              </span>
            </div>
          </div>
          <div class="r-cell">
            <div class="r-cell__title">
              <span>
                Text
              </span>
            </div>
          </div>
        </div>
        <div>
          <div>
            <div class="r-index-anchor">
              Q
            </div>
          </div>
          <div class="r-cell">
            <div class="r-cell__title">
              <span>
                Text
              </span>
            </div>
          </div>
          <div class="r-cell">
            <div class="r-cell__title">
              <span>
                Text
              </span>
            </div>
          </div>
          <div class="r-cell">
            <div class="r-cell__title">
              <span>
                Text
              </span>
            </div>
          </div>
        </div>
        <div>
          <div>
            <div class="r-index-anchor">
              R
            </div>
          </div>
          <div class="r-cell">
            <div class="r-cell__title">
              <span>
                Text
              </span>
            </div>
          </div>
          <div class="r-cell">
            <div class="r-cell__title">
              <span>
                Text
              </span>
            </div>
          </div>
          <div class="r-cell">
            <div class="r-cell__title">
              <span>
                Text
              </span>
            </div>
          </div>
        </div>
        <div>
          <div>
            <div class="r-index-anchor">
              S
            </div>
          </div>
          <div class="r-cell">
            <div class="r-cell__title">
              <span>
                Text
              </span>
            </div>
          </div>
          <div class="r-cell">
            <div class="r-cell__title">
              <span>
                Text
              </span>
            </div>
          </div>
          <div class="r-cell">
            <div class="r-cell__title">
              <span>
                Text
              </span>
            </div>
          </div>
        </div>
        <div>
          <div>
            <div class="r-index-anchor">
              T
            </div>
          </div>
          <div class="r-cell">
            <div class="r-cell__title">
              <span>
                Text
              </span>
            </div>
          </div>
          <div class="r-cell">
            <div class="r-cell__title">
              <span>
                Text
              </span>
            </div>
          </div>
          <div class="r-cell">
            <div class="r-cell__title">
              <span>
                Text
              </span>
            </div>
          </div>
        </div>
        <div>
          <div>
            <div class="r-index-anchor">
              U
            </div>
          </div>
          <div class="r-cell">
            <div class="r-cell__title">
              <span>
                Text
              </span>
            </div>
          </div>
          <div class="r-cell">
            <div class="r-cell__title">
              <span>
                Text
              </span>
            </div>
          </div>
          <div class="r-cell">
            <div class="r-cell__title">
              <span>
                Text
              </span>
            </div>
          </div>
        </div>
        <div>
          <div>
            <div class="r-index-anchor">
              V
            </div>
          </div>
          <div class="r-cell">
            <div class="r-cell__title">
              <span>
                Text
              </span>
            </div>
          </div>
          <div class="r-cell">
            <div class="r-cell__title">
              <span>
                Text
              </span>
            </div>
          </div>
          <div class="r-cell">
            <div class="r-cell__title">
              <span>
                Text
              </span>
            </div>
          </div>
        </div>
        <div>
          <div>
            <div class="r-index-anchor">
              W
            </div>
          </div>
          <div class="r-cell">
            <div class="r-cell__title">
              <span>
                Text
              </span>
            </div>
          </div>
          <div class="r-cell">
            <div class="r-cell__title">
              <span>
                Text
              </span>
            </div>
          </div>
          <div class="r-cell">
            <div class="r-cell__title">
              <span>
                Text
              </span>
            </div>
          </div>
        </div>
        <div>
          <div>
            <div class="r-index-anchor">
              X
            </div>
          </div>
          <div class="r-cell">
            <div class="r-cell__title">
              <span>
                Text
              </span>
            </div>
          </div>
          <div class="r-cell">
            <div class="r-cell__title">
              <span>
                Text
              </span>
            </div>
          </div>
          <div class="r-cell">
            <div class="r-cell__title">
              <span>
                Text
              </span>
            </div>
          </div>
        </div>
        <div>
          <div>
            <div class="r-index-anchor">
              Y
            </div>
          </div>
          <div class="r-cell">
            <div class="r-cell__title">
              <span>
                Text
              </span>
            </div>
          </div>
          <div class="r-cell">
            <div class="r-cell__title">
              <span>
                Text
              </span>
            </div>
          </div>
          <div class="r-cell">
            <div class="r-cell__title">
              <span>
                Text
              </span>
            </div>
          </div>
        </div>
        <div>
          <div style="height: 100px;">
            <div class="r-index-anchor r-index-anchor--sticky r-hairline--bottom"
                 style="width: 100px;"
            >
              Z
            </div>
          </div>
          <div class="r-cell">
            <div class="r-cell__title">
              <span>
                Text
              </span>
            </div>
          </div>
          <div class="r-cell">
            <div class="r-cell__title">
              <span>
                Text
              </span>
            </div>
          </div>
          <div class="r-cell">
            <div class="r-cell__title">
              <span>
                Text
              </span>
            </div>
          </div>
        </div>
      </div>
    </div>
    <div id="r-tab"
         role="tabpanel"
         class="r-tab__panel"
         tabindex="-1"
         aria-labelledby="r-tabs-1"
         style="display: none;"
    >
    </div>
  </div>
</div>
`;
