// Jest Snapshot v1, https://goo.gl/fbAQLP

exports[`should render demo and match snapshot 1`] = `
<div>
  <div class="r-skeleton r-skeleton--animate">
    <div class="r-skeleton__content">
      <h3 class="r-skeleton-title">
      </h3>
      <div class="r-skeleton-paragraph"
           style="width: 100%;"
      >
      </div>
      <div class="r-skeleton-paragraph"
           style="width: 100%;"
      >
      </div>
      <div class="r-skeleton-paragraph"
           style="width: 60%;"
      >
      </div>
    </div>
  </div>
</div>
<div>
  <div class="r-skeleton r-skeleton--animate">
    <div class="r-skeleton-avatar r-skeleton-avatar--round">
    </div>
    <div class="r-skeleton__content">
      <h3 class="r-skeleton-title">
      </h3>
      <div class="r-skeleton-paragraph"
           style="width: 100%;"
      >
      </div>
      <div class="r-skeleton-paragraph"
           style="width: 100%;"
      >
      </div>
      <div class="r-skeleton-paragraph"
           style="width: 60%;"
      >
      </div>
    </div>
  </div>
</div>
<div>
  <div role="switch"
       class="r-switch"
       tabindex="0"
       aria-checked="false"
  >
    <div class="r-switch__node">
    </div>
  </div>
  <div class="r-skeleton r-skeleton--animate">
    <div class="r-skeleton-avatar r-skeleton-avatar--round">
    </div>
    <div class="r-skeleton__content">
      <h3 class="r-skeleton-title">
      </h3>
      <div class="r-skeleton-paragraph"
           style="width: 100%;"
      >
      </div>
      <div class="r-skeleton-paragraph"
           style="width: 100%;"
      >
      </div>
      <div class="r-skeleton-paragraph"
           style="width: 60%;"
      >
      </div>
    </div>
  </div>
</div>
<div>
  <div class="r-skeleton r-skeleton--animate">
    <div style="display: flex; width: 100%;">
      <div class="r-skeleton-image r-skeleton-image--square">
        <i class="r-badge__wrapper r-icon r-icon-photo r-skeleton-image__icon">
        </i>
      </div>
      <div style="flex: 1; margin-left: 16px;">
        <div class="r-skeleton-paragraph"
             style="width: 60%;"
        >
        </div>
        <div class="r-skeleton-paragraph"
             style="width: 100%;"
        >
        </div>
        <div class="r-skeleton-paragraph"
             style="width: 100%;"
        >
        </div>
        <div class="r-skeleton-paragraph"
             style="width: 100%;"
        >
        </div>
      </div>
    </div>
  </div>
</div>
`;
