// Jest Snapshot v1, https://goo.gl/fbAQLP

exports[`should Skeleton works with template slots 1`] = `
<div class="r-skeleton r-skeleton--animate">
  custom content
</div>
`;

exports[`should change avatar shape when using avatar-shape prop 1`] = `
<div class="r-skeleton-avatar r-skeleton-avatar--square">
</div>
`;

exports[`should change avatar size when using avatar-size prop: 20rem 1`] = `"20rem"`;

exports[`should change avatar size when using avatar-size prop: 20ren 1`] = `"20rem"`;

exports[`should render default slot when loading is false 1`] = `
<div>
  Content
</div>
`;

exports[`should render with row width array correctly 1`] = `
<div class="r-skeleton r-skeleton--animate">
  <div class="r-skeleton__content">
    <div class="r-skeleton-paragraph"
         style="width: 100%;"
    >
    </div>
    <div class="r-skeleton-paragraph"
         style="width: 30px;"
    >
    </div>
    <div class="r-skeleton-paragraph"
         style="width: 5rem;"
    >
    </div>
    <div class="r-skeleton-paragraph"
         style="width: 100%;"
    >
    </div>
  </div>
</div>
`;

exports[`should skeleton image render correctly 1`] = `
<div class="r-skeleton-image r-skeleton-image--square">
  <i class="r-badge__wrapper r-icon r-icon-photo r-skeleton-image__icon">
  </i>
</div>
`;
