// Jest Snapshot v1, https://goo.gl/fbAQLP

exports[`should render demo and match snapshot 1`] = `
<div>
  <span class="r-popover__wrapper">
    <button type="button"
            class="r-button r-button--primary r-button--normal"
    >
      <div class="r-button__content">
        <span class="r-button__text">
          Light Theme
        </span>
      </div>
    </button>
  </span>
  <span class="r-popover__wrapper">
    <button type="button"
            class="r-button r-button--primary r-button--normal"
    >
      <div class="r-button__content">
        <span class="r-button__text">
          Dark Theme
        </span>
      </div>
    </button>
  </span>
</div>
<div>
  <div class="r-cell r-cell--clickable r-field"
       role="button"
       tabindex="0"
  >
    <div class="r-cell__title r-field__label">
      <label id="r-field-label"
             for="r-field-input"
      >
        Placement
      </label>
    </div>
    <div class="r-cell__value r-field__value">
      <div class="r-field__body">
        <input type="text"
               id="r-field-input"
               name="picker"
               class="r-field__control"
               readonly
               aria-labelledby="r-field-label"
        >
      </div>
    </div>
    <i class="r-badge__wrapper r-icon r-icon-arrow r-cell__right-icon">
    </i>
  </div>
</div>
<div>
  <span class="r-popover__wrapper">
    <button type="button"
            class="r-button r-button--primary r-button--normal"
    >
      <div class="r-button__content">
        <span class="r-button__text">
          Show Icon
        </span>
      </div>
    </button>
  </span>
  <span class="r-popover__wrapper">
    <button type="button"
            class="r-button r-button--primary r-button--normal"
    >
      <div class="r-button__content">
        <span class="r-button__text">
          Disable Action
        </span>
      </div>
    </button>
  </span>
</div>
<div>
  <span class="r-popover__wrapper">
    <button type="button"
            class="r-button r-button--primary r-button--normal"
    >
      <div class="r-button__content">
        <span class="r-button__text">
          Custom Content
        </span>
      </div>
    </button>
  </span>
</div>
<div>
  <span class="r-popover__wrapper">
    <button type="button"
            class="r-button r-button--primary r-button--normal"
    >
      <div class="r-button__content">
        <span class="r-button__text">
          Uncontrolled
        </span>
      </div>
    </button>
  </span>
</div>
`;
