// Jest Snapshot v1, https://goo.gl/fbAQLP

exports[`should render demo and match snapshot 1`] = `
<div>
  <div class="r-radio-group demo-radio-group"
       role="radiogroup"
  >
    <div role="radio"
         class="r-radio"
         tabindex="0"
         aria-checked="true"
    >
      <div class="r-radio__icon r-radio__icon--round r-radio__icon--checked">
        <i class="r-badge__wrapper r-icon">
        </i>
      </div>
      <span class="r-radio__label">
        Radio 1
      </span>
    </div>
    <div role="radio"
         class="r-radio"
         tabindex="0"
         aria-checked="false"
    >
      <div class="r-radio__icon r-radio__icon--round">
        <i class="r-badge__wrapper r-icon">
        </i>
      </div>
      <span class="r-radio__label">
        Radio 2
      </span>
    </div>
  </div>
</div>
<div>
  <div class="r-radio-group r-radio-group--horizontal demo-radio-group"
       role="radiogroup"
  >
    <div role="radio"
         class="r-radio r-radio--horizontal"
         tabindex="0"
         aria-checked="true"
    >
      <div class="r-radio__icon r-radio__icon--round r-radio__icon--checked">
        <i class="r-badge__wrapper r-icon">
        </i>
      </div>
      <span class="r-radio__label">
        Radio 1
      </span>
    </div>
    <div role="radio"
         class="r-radio r-radio--horizontal"
         tabindex="0"
         aria-checked="false"
    >
      <div class="r-radio__icon r-radio__icon--round">
        <i class="r-badge__wrapper r-icon">
        </i>
      </div>
      <span class="r-radio__label">
        Radio 2
      </span>
    </div>
  </div>
</div>
<div>
  <div class="r-radio-group demo-radio-group"
       role="radiogroup"
  >
    <div role="radio"
         class="r-radio r-radio--disabled"
         aria-checked="false"
    >
      <div class="r-radio__icon r-radio__icon--round r-radio__icon--disabled">
        <i class="r-badge__wrapper r-icon">
        </i>
      </div>
      <span class="r-radio__label r-radio__label--disabled">
        Radio 1
      </span>
    </div>
    <div role="radio"
         class="r-radio r-radio--disabled"
         aria-checked="true"
    >
      <div class="r-radio__icon r-radio__icon--round r-radio__icon--disabled r-radio__icon--checked">
        <i class="r-badge__wrapper r-icon">
        </i>
      </div>
      <span class="r-radio__label r-radio__label--disabled">
        Radio 2
      </span>
    </div>
  </div>
</div>
<div>
  <div class="r-radio-group demo-radio-group"
       role="radiogroup"
  >
    <div role="radio"
         class="r-radio"
         tabindex="0"
         aria-checked="true"
    >
      <div class="r-radio__icon r-radio__icon--square r-radio__icon--checked">
        <i class="r-badge__wrapper r-icon">
        </i>
      </div>
      <span class="r-radio__label">
        Radio 1
      </span>
    </div>
    <div role="radio"
         class="r-radio"
         tabindex="0"
         aria-checked="false"
    >
      <div class="r-radio__icon r-radio__icon--square">
        <i class="r-badge__wrapper r-icon">
        </i>
      </div>
      <span class="r-radio__label">
        Radio 2
      </span>
    </div>
  </div>
</div>
<div>
  <div class="r-radio-group demo-radio-group"
       role="radiogroup"
  >
    <div role="radio"
         class="r-radio"
         tabindex="0"
         aria-checked="true"
    >
      <div class="r-radio__icon r-radio__icon--round r-radio__icon--checked">
        <i class="r-badge__wrapper r-icon"
           style="border-color: #ee0a24; background-color: rgb(238, 10, 36);"
        >
        </i>
      </div>
      <span class="r-radio__label">
        Radio 1
      </span>
    </div>
    <div role="radio"
         class="r-radio"
         tabindex="0"
         aria-checked="false"
    >
      <div class="r-radio__icon r-radio__icon--round">
        <i class="r-badge__wrapper r-icon">
        </i>
      </div>
      <span class="r-radio__label">
        Radio 2
      </span>
    </div>
  </div>
</div>
<div>
  <div class="r-radio-group demo-radio-group"
       role="radiogroup"
  >
    <div role="radio"
         class="r-radio"
         tabindex="0"
         aria-checked="true"
    >
      <div class="r-radio__icon r-radio__icon--round r-radio__icon--checked"
           style="font-size: 24px;"
      >
        <i class="r-badge__wrapper r-icon">
        </i>
      </div>
      <span class="r-radio__label">
        Radio 1
      </span>
    </div>
    <div role="radio"
         class="r-radio"
         tabindex="0"
         aria-checked="false"
    >
      <div class="r-radio__icon r-radio__icon--round"
           style="font-size: 24px;"
      >
        <i class="r-badge__wrapper r-icon">
        </i>
      </div>
      <span class="r-radio__label">
        Radio 2
      </span>
    </div>
  </div>
</div>
<div>
  <div class="r-radio-group demo-radio-group"
       role="radiogroup"
  >
    <div role="radio"
         class="r-radio"
         tabindex="0"
         aria-checked="true"
    >
      <div class="r-radio__icon r-radio__icon--round r-radio__icon--checked">
        <img src="https://fastly.jsdelivr.net/npm/@ryxon/assets/user-active.png">
      </div>
      <span class="r-radio__label">
        Radio 1
      </span>
    </div>
    <div role="radio"
         class="r-radio"
         tabindex="0"
         aria-checked="false"
    >
      <div class="r-radio__icon r-radio__icon--round">
        <img src="https://fastly.jsdelivr.net/npm/@ryxon/assets/user-inactive.png">
      </div>
      <span class="r-radio__label">
        Radio 2
      </span>
    </div>
  </div>
</div>
<div>
  <div class="r-radio-group demo-radio-group"
       role="radiogroup"
  >
    <div role="radio"
         class="r-radio r-radio--label-disabled"
         tabindex="0"
         aria-checked="true"
    >
      <div class="r-radio__icon r-radio__icon--round r-radio__icon--checked">
        <i class="r-badge__wrapper r-icon">
        </i>
      </div>
      <span class="r-radio__label">
        Radio 1
      </span>
    </div>
    <div role="radio"
         class="r-radio r-radio--label-disabled"
         tabindex="0"
         aria-checked="false"
    >
      <div class="r-radio__icon r-radio__icon--round">
        <i class="r-badge__wrapper r-icon">
        </i>
      </div>
      <span class="r-radio__label">
        Radio 2
      </span>
    </div>
  </div>
</div>
<div>
  <div class="r-radio-group"
       role="radiogroup"
  >
    <div class="r-cell-group r-cell-group--inset">
      <div class="r-cell r-cell--clickable"
           role="button"
           tabindex="0"
      >
        <div class="r-cell__title">
          <span>
            Radio1
          </span>
        </div>
        <div role="radio"
             class="r-radio"
             tabindex="0"
             aria-checked="true"
        >
          <div class="r-radio__icon r-radio__icon--round r-radio__icon--checked">
            <i class="r-badge__wrapper r-icon">
            </i>
          </div>
        </div>
      </div>
      <div class="r-cell r-cell--clickable"
           role="button"
           tabindex="0"
      >
        <div class="r-cell__title">
          <span>
            Radio2
          </span>
        </div>
        <div role="radio"
             class="r-radio"
             tabindex="0"
             aria-checked="false"
        >
          <div class="r-radio__icon r-radio__icon--round">
            <i class="r-badge__wrapper r-icon">
            </i>
          </div>
        </div>
      </div>
    </div>
  </div>
</div>
`;
