// Jest Snapshot v1, https://goo.gl/fbAQLP

exports[`should render demo and match snapshot 1`] = `
<div>
  <div class="r-cell r-cell--clickable"
       role="button"
       tabindex="0"
  >
    <div class="r-cell__title">
      <span>
        Alert
      </span>
    </div>
    <i class="r-badge__wrapper r-icon r-icon-arrow r-cell__right-icon">
    </i>
  </div>
  <div class="r-cell r-cell--clickable"
       role="button"
       tabindex="0"
  >
    <div class="r-cell__title">
      <span>
        Alert without title
      </span>
    </div>
    <i class="r-badge__wrapper r-icon r-icon-arrow r-cell__right-icon">
    </i>
  </div>
  <div class="r-cell r-cell--clickable"
       role="button"
       tabindex="0"
  >
    <div class="r-cell__title">
      <span>
        Confirm dialog
      </span>
    </div>
    <i class="r-badge__wrapper r-icon r-icon-arrow r-cell__right-icon">
    </i>
  </div>
</div>
<div>
  <div class="r-cell r-cell--clickable"
       role="button"
       tabindex="0"
  >
    <div class="r-cell__title">
      <span>
        Alert
      </span>
    </div>
    <i class="r-badge__wrapper r-icon r-icon-arrow r-cell__right-icon">
    </i>
  </div>
  <div class="r-cell r-cell--clickable"
       role="button"
       tabindex="0"
  >
    <div class="r-cell__title">
      <span>
        Alert without title
      </span>
    </div>
    <i class="r-badge__wrapper r-icon r-icon-arrow r-cell__right-icon">
    </i>
  </div>
</div>
<div>
  <div class="r-cell r-cell--clickable"
       role="button"
       tabindex="0"
  >
    <div class="r-cell__title">
      <span>
        Before Close
      </span>
    </div>
    <i class="r-badge__wrapper r-icon r-icon-arrow r-cell__right-icon">
    </i>
  </div>
</div>
<div>
  <div class="r-cell r-cell--clickable"
       role="button"
       tabindex="0"
  >
    <div class="r-cell__title">
      <span>
        Use Dialog Component
      </span>
    </div>
    <i class="r-badge__wrapper r-icon r-icon-arrow r-cell__right-icon">
    </i>
  </div>
  <transition-stub name="r-fade"
                   appear="true"
                   persisted="false"
                   css="true"
  >
  </transition-stub>
  <transition-stub name="r-dialog-bounce"
                   appear="false"
                   persisted="false"
                   css="true"
  >
    <div role="dialog"
         tabindex="0"
         class="r-popup r-popup--center r-dialog"
         aria-labelledby="Title"
         style="display: none;"
    >
      <div class="r-dialog__header">
        Title
      </div>
      <div class="r-dialog__content">
        <img src="https://fastly.jsdelivr.net/npm/@ryxon/assets/apple-3.jpeg">
      </div>
      <div class="r-hairline--top r-dialog__footer">
        <button type="button"
                class="r-button r-button--default r-button--large r-dialog__cancel"
        >
          <div class="r-button__content">
            <span class="r-button__text">
              Cancel
            </span>
          </div>
        </button>
        <button type="button"
                class="r-button r-button--default r-button--large r-dialog__confirm r-hairline--left"
        >
          <div class="r-button__content">
            <span class="r-button__text">
              Confirm
            </span>
          </div>
        </button>
      </div>
    </div>
  </transition-stub>
</div>
`;
